<html>
<body>
<pre>
<h1>µVision Build Log</h1>
<h2>Tool Versions:</h2>
IDE-Version: µVision V5.37.0.0
Copyright (C) 2022 ARM Ltd and ARM Germany GmbH. All rights reserved.
License Information: Daniel Clinci, MTA, LIC=----
 
Tool Versions:
Toolchain:       MDK-Lite  Version: 5.37.0.0
Toolchain Path:  C:\Keil_v5\ARM\ARMCLANG\Bin
C Compiler:      ArmClang.exe V6.18
Assembler:       Armasm.exe V6.18
Linker/Locator:  ArmLink.exe V6.18
Library Manager: ArmAr.exe V6.18
Hex Converter:   FromElf.exe V6.18
CPU DLL:         SARMCM3.DLL V5.37.0.0
Dialog DLL:      DARMCM1.DLL V1.19.6.0
Target DLL:      CMSIS_AGDI.dll V1.33.12.0
Dialog DLL:      TARMCM1.DLL V1.14.6.0
 
<h2>Project:</h2>
D:\Anul 4\Microprocesoare\Proiect\VibrationBuzzerLed.uvprojx
Project File Date:  11/19/2022

<h2>Output:</h2>
*** Using Compiler 'V6.18', folder: 'C:\Keil_v5\ARM\ARMCLANG\Bin'
Rebuild target 'Target 1'
Uart.c(8): warning: while loop has empty body [-Wempty-body]
        while(!(UART0->S1 & UART0_S1_TDRE_MASK));
                                                ^
Uart.c(8): note: put the semicolon on a separate line to silence this warning
Uart.c(14): warning: while loop has empty body [-Wempty-body]
        while(!(UART0->S1 & UART0_S1_RDRF_MASK));
                                                ^
Uart.c(14): note: put the semicolon on a separate line to silence this warning
Uart.c(35): warning: mixing declarations and code is a C99 extension [-Wdeclaration-after-statement]
        uint32_t osr = 15;
                 ^
Uart.c(3): warning: no previous extern declaration for non-static variable 'c' [-Wmissing-variable-declarations]
char c;
     ^
Uart.c(3): note: declare 'static' if the variable is not intended to be used outside of this translation unit
char c;
^
Uart.c(4): warning: no previous extern declaration for non-static variable 'status' [-Wmissing-variable-declarations]
int status;
    ^
Uart.c(4): note: declare 'static' if the variable is not intended to be used outside of this translation unit
int status;
^
5 warnings generated.
compiling Uart.c...
compiling gpio.c...
compiling adc.c...
Pit.c(35): warning: no newline at end of file [-Wnewline-eof]
}
 ^
Pit.c(4): warning: no previous extern declaration for non-static variable 'timer_value' [-Wmissing-variable-declarations]
uint32_t timer_value;
         ^
Pit.c(4): note: declare 'static' if the variable is not intended to be used outside of this translation unit
uint32_t timer_value;
^
Pit.c(5): warning: no previous extern declaration for non-static variable 'flag' [-Wmissing-variable-declarations]
int flag;
    ^
Pit.c(5): note: declare 'static' if the variable is not intended to be used outside of this translation unit
int flag;
^
3 warnings generated.
compiling Pit.c...
main.c(10): warning: no previous prototype for function 'UTILS_Print' [-Wmissing-prototypes]
void UTILS_Print(uint32_t value)
     ^
main.c(10): note: declare 'static' if the function is not intended to be used outside of this translation unit
void UTILS_Print(uint32_t value)
^
static 
main.c(69): warning: no newline at end of file [-Wnewline-eof]
}
 ^
main.c(37): warning: mixing declarations and code is a C99 extension [-Wdeclaration-after-statement]
        uint32_t val_A0, val_Temp, val_Vref;
                 ^
main.c(37): warning: unused variable 'val_Temp' [-Wunused-variable]
        uint32_t val_A0, val_Temp, val_Vref;
                         ^
main.c(37): warning: unused variable 'val_Vref' [-Wunused-variable]
        uint32_t val_A0, val_Temp, val_Vref;
                                   ^
5 warnings generated.
compiling main.c...
compiling system_MKL25Z4.c...
assembling startup_MKL25Z4.s...
linking...
Program Size: Code=2652 RO-data=208 RW-data=0 ZI-data=368  
".\Objects\VibrationBuzzerLed.axf" - 0 Error(s), 13 Warning(s).

<h2>Software Packages used:</h2>

Package Vendor: ARM
                http://www.keil.com/pack/ARM.CMSIS.5.9.0.pack
                ARM.CMSIS.5.9.0
                CMSIS (Common Microcontroller Software Interface Standard)
   * Component: CORE Version: 5.6.0

Package Vendor: Keil
                http://www.keil.com/pack/Keil.Kinetis_KLxx_DFP.1.15.0.pack
                Keil.Kinetis_KLxx_DFP.1.15.0
                NXP Kinetis KLxx Series Device Support and Examples
   * Component: Startup Version: 2.5.0

<h2>Collection of Component include folders:</h2>
  ./RTE/Device/MKL25Z128xxx4
  ./RTE/_Target_1
  C:/Users/clinc/AppData/Local/Arm/Packs/ARM/CMSIS/5.9.0/CMSIS/Core/Include
  C:/Users/clinc/AppData/Local/Arm/Packs/Keil/Kinetis_KLxx_DFP/1.15.0/Device/Include

<h2>Collection of Component Files used:</h2>

   * Component: ARM::CMSIS:CORE:5.6.0

   * Component: Keil::Device:Startup:2.5.0
      Source file:   Device/Source/ARM/startup_MKL25Z4.s
      Include file:  Device/Source/system_MKL25Z4.h
      Source file:   Device/Source/system_MKL25Z4.c
Build Time Elapsed:  00:00:00
</pre>
</body>
</html>
